     Assembly listing for: addition.mas
                Assembled: Sun Oct 14 14:06:23 GST 2018

         |         ORG 0             
000 1006 |         LOAD X           / LOAD X into AC
001 3007 |         ADD Y            / ADD Y	to AC
002 2008 |         STORE Z          / STORE AC in Z
         |                          
003 1008 |         LOAD Z           / LOAD Z into AC
004 6000 |         OUTPUT           / OUTPUT AC
005 7000 |         HALT              
         |                          
006 0001 |  X      DEC 1            / variable declaration
007 0002 |  Y      DEC 2            / variable declaration
008 0000 |  Z      DEC 0            / variable declaration

Assembly successful.

         SYMBOL TABLE
         --------------------------------------------------
          Symbol | Defined | References 
         --------+---------+-------------------------------
          X      |   006   | 000
          Y      |   007   | 001
          Z      |   008   | 002, 003
         --------------------------------------------------

